[www.mi.com/in/index.html]
[backblue.gif]
[fade.gif]
[index.html]
[www.mi.com/in/index-2.html]
[www.mi.com/in/appdownload/index.html]
[www.mi.com/in/service/help/index.html]
[www.mi.com/in/service/authorized_stores/index.html]
[www.mi.com/in/service/support/hdfcdebit.html]
[www.mi.com/in/mix2/index.html]
[www.mi.com/in/service/mihome/index.html]
[www.mi.com/in/service/mi_stores/index.html]
[www.mi.com/in/service/support/iciciamex.html]
[www.mi.com/in/redmi-k20-pro/index.html]
[www.mi.com/in/mi-a2/index.html]
[www.mi.com/in/redmi-k20/index.html]
[www.mi.com/in/index.html]
[www.mi.com/in/service/support/ewastetakeback.html]
[www.mi.com/in/redmi-y3/index.html]
[www.mi.com/in/redmi-7/index.html]
[www.mi.com/in/list/index.html]
[www.mi.com/in/redmi-note-7s/index.html]
[www.mi.com/in/appdownload/index.html]
[www.mi.com/in/service/support/digitsmiscreen.html]
[www.mi.com/in/mi-led-smart-tv-4a-pro-49/index.html]
[www.mi.com/in/poco-f1/index.html]
[www.mi.com/in/mi-led-tv-4x-pro-55/index.html]
[www.mi.com/in/service/help/index.html]
[www.mi.com/in/mi-led-tv-4a-pro-43/index.html]
[www.mi.com/in/service/authorized_stores/index.html]
[www.mi.com/in/mi-led-smart-tv-4c-pro-32/index.html]
[www.mi.com/in/mi-band-3/index.html]
[www.mi.com/in/mi-led-tv-4a-pro-32/index.html]
[www.mi.com/in/service/mihome/index.html]
[www.mi.com/in/mi-band-hrx/index.html]
[www.mi.com/in/mi-body-composition-scale/index.html]
[www.mi.com/in/mi-luggage/index.html]
[www.mi.com/in/mi-beard-trimmer/index.html]
[www.mi.com/in/camera-360/index.html]
[www.mi.com/in/mi-soundbar/index.html]
[www.mi.com/in/mi-led-smart-bulb/index.html]
[www.mi.com/in/air2s/index.html]
[www.mi.com/in/service/mi_stores/index.html]
[www.mi.com/in/service/replacefaq/index.html]
[www.mi.com/in/service/paymentfaq/index.html]
[www.mi.com/in/mi-bluetooth-speaker-basic2/index.html]
[www.mi.com/in/redmi-note-6-pro/review/index.html]
[www.mi.com/in/index-2.html]
[www.mi.com/in/service/index.html]
[www.mi.com/in/mix2/index.html]
[www.mi.com/in/service/shipping/index.html]
[www.mi.com/in/service/warranty/index.html]
[www.mi.com/in/service/repair/index.html]
[www.mi.com/in/bulkbuy/index.html]
[www.mi.com/in/mi-a2/index.html]
[www.mi.com/in/service/userguide/index.html]
[www.mi.com/in/service/miphoneprotection/index.html]
[www.mi.com/in/miexchange/index.html]
[www.mi.com/in/service/miextendedwarranty/index.html]
[www.mi.com/in/service/express-delivery-feature/index.html]
[www.mi.com/in/redmi-7a/index.html]
[www.mi.com/in/redmi-6a/index.html]
[www.mi.com/in/redmi-6/index.html]
[www.mi.com/in/redmi-y2/index.html]
[www.mi.com/in/redmi-note-7-pro/index.html]
[www.mi.com/in/redmi-go/index.html]
[www.mi.com/in/redmi-note-6-pro/index.html]
[www.mi.com/in/redmi-6-pro/index.html]
[www.mi.com/in/redmi-note-7/index.html]
[www.mi.com/in/mediakit/index.html]
[www.mi.com/in/about/agreement/index.html]
[www.mi.com/in/about/index.html]
[www.mi.com/in/mi-led-smart-tv-4a-32/index.html]
[www.mi.com/in/tv-quality/index.html]
[www.mi.com/in/service-quality/index.html]
[www.mi.com/in/smartphone-quality/index.html]
[www.mi.com/in/redmi-k20-pro/index.html]
[www.mi.com/in/service/miprotect/index.html]
[www.mi.com/in/service/mi_stores/application_form/index.html]
[www.mi.com/in/service/productquality/index.html]
[www.mi.com/in/redmi-k20/index.html]
[www.mi.com/in/about/privacy/index.html]
[www.mi.com/in/redmi-note-7s/index.html]
[www.mi.com/in/mix2/gallery/index.html]
[www.mi.com/in/mix2/specs/index.html]
[www.mi.com/in/mix2/miui/index.html]
[www.mi.com/in/redmi-y3/index.html]
[www.mi.com/in/mix2/faq/index.html]
[www.mi.com/in/redmi-7/index.html]
[www.mi.com/in/mix2/review/index.html]
[www.mi.com/in/mi-a2/android-one/index.html]
[www.mi.com/in/list/index.html]
[www.mi.com/in/mi-a2/specs/index.html]
[www.mi.com/in/poco-f1/index.html]
[www.mi.com/in/mi-a2/review/index.html]
[www.mi.com/in/mi-a2/faq/index.html]
[www.mi.com/in/redmi-k20-pro/specs/index.html]
[www.mi.com/in/redmi-k20-pro/gallery/index.html]
[www.mi.com/in/redmi-k20-pro/design/index.html]
[www.mi.com/in/redmi-k20-pro/faq/index.html]
[www.mi.com/in/redmi-k20-pro/review/index.html]
[www.mi.com/in/redmi-k20/specs/index.html]
[www.mi.com/in/redmi-k20/design/index.html]
[www.mi.com/in/redmi-k20/faq/index.html]
[www.mi.com/in/redmi-k20/gallery/index.html]
[www.mi.com/in/redmi-note-7s/design/index.html]
[www.mi.com/in/redmi-note-7s/specs/index.html]
[www.mi.com/in/redmi-k20/review/index.html]
[www.mi.com/in/redmi-note-7s/gallery/index.html]
[www.mi.com/in/redmi-note-7s/review/index.html]
[www.mi.com/in/redmi-y3/specs/index.html]
[www.mi.com/in/redmi-note-7s/faq/index.html]
[www.mi.com/in/redmi-y3/review/index.html]
[www.mi.com/in/mi-led-tv-4x-pro-55/index.html]
[www.mi.com/in/redmi-y3/faq/index.html]
[www.mi.com/in/redmi-7/specs/index.html]
[www.mi.com/in/redmi-7/faq/index.html]
[www.mi.com/in/redmi-7/review/index.html]
[www.mi.com/in/redmi-y3/index27ab.html]
[www.mi.com/in/redmi-note-7-pro/index3c31.html]
[www.mi.com/in/redmi-note-7s/indexa170.html]
[www.mi.com/in/redmi-7/indexa294.html]
[www.mi.com/in/redmi-note-6-pro/index3da0.html]
[www.mi.com/in/redmi-go/index0d90.html]
[www.mi.com/in/mi-led-smart-tv-4a-pro-49/index.html]
[www.mi.com/in/mi-a2/indexe1f1.html]
[www.mi.com/in/mix2/index2fab.html]
[www.mi.com/in/poco-f1/indexf1b5.html]
[www.mi.com/in/mi-led-tv-4a-pro-43/index.html]
[www.mi.com/in/redmi-note-5-pro/indexb844.html]
[www.mi.com/in/mi-led-tv-4a-pro-32/index.html]
[www.mi.com/in/redmi-6-pro/index2135.html]
[www.mi.com/in/redmi-6a/index6e38.html]
[www.mi.com/in/redmi-6/index98e9.html]
[www.mi.com/in/redmi-y2/index7a27.html]
[www.mi.com/in/poco-f1/gallery/index.html]
[www.mi.com/in/poco-f1/faq/index.html]
[www.mi.com/in/poco-f1/specs/index.html]
[www.mi.com/in/poco-f1/accessories/index.html]
[www.mi.com/in/mi-led-tv-4x-pro-55/faq/index.html]
[www.mi.com/in/poco-f1/review/index.html]
[www.mi.com/in/mi-led-tv-4x-pro-55/specs/index.html]
[www.mi.com/in/mi-led-tv-4x-pro-55/accessories/index.html]
[www.mi.com/in/mi-led-smart-tv-4c-pro-32/index.html]
[www.mi.com/in/mi-led-tv-4x-pro-55/review/index.html]
[www.mi.com/in/mi-led-smart-tv-4a-pro-49/specs/index.html]
[www.mi.com/in/mi-band-3/index.html]
[www.mi.com/in/mi-led-smart-tv-4a-pro-49/faq/index.html]
[www.mi.com/in/mi-led-smart-tv-4a-49-pro/specs/index.html]
[www.mi.com/in/mi-led-tv-4a-pro-43/specs/index.html]
[www.mi.com/in/mi-led-smart-tv-4a-pro-49/review/index.html]
[www.mi.com/in/mi-band-hrx/index.html]
[www.mi.com/in/mi-led-tv-4a-pro-43/accessories/index.html]
[www.mi.com/in/mi-body-composition-scale/index.html]
[www.mi.com/in/mi-led-tv-4a-pro-32/specs/index.html]
[www.mi.com/in/mi-led-tv-4a-pro-43/faq/index.html]
[www.mi.com/in/mi-led-tv-4a-pro-43/review/index.html]
[www.mi.com/in/mi-led-tv-4a-pro-32/accessories/index.html]
[www.mi.com/in/mi-luggage/index.html]
[www.mi.com/in/service/tv_installationservice/index.html]
[www.mi.com/in/mi-led-smart-tv-4c-pro-32/specs/index.html]
[www.mi.com/in/mi-led-tv-4a-pro-32/review/index.html]
[www.mi.com/in/mi-beard-trimmer/index.html]
[www.mi.com/in/mi-led-smart-tv-4c-pro-32/faq/index.html]
[www.mi.com/in/air2s/index.html]
[www.mi.com/in/mi-led-smart-tv-4c-pro-32/review/index.html]
[www.mi.com/in/mi-led-smart-tv-4c-32-pro/specs/index.html]
[www.mi.com/in/mi-band-3/gallery/index.html]
[www.mi.com/in/mi-body-composition-scale/specs/index.html]
[www.mi.com/in/mi-band-3/specs/index.html]
[www.mi.com/in/mi-band-3/review/index.html]
[www.mi.com/in/mi-body-composition-scale/review/index.html]
[www.mi.com/in/camera-360/index.html]
[www.mi.com/in/mi-luggage/specs/index.html]
[www.mi.com/in/mi-beard-trimmer/specs/index.html]
[www.mi.com/in/mi-luggage/review/index.html]
[www.mi.com/in/mi-beard-trimmer/faq/index.html]
[www.mi.com/in/mi-led-smart-bulb/index.html]
[www.mi.com/in/mi-beard-trimmer/review/index.html]
[www.mi.com/in/mi-soundbar/index.html]
[www.mi.com/in/service/support/hdfcdebit.html]
[www.mi.com/in/camera-360/specs/index.html]
[www.mi.com/in/service/support/iciciamex.html]
[www.mi.com/in/camera-360/review/index.html]
[www.mi.com/in/mi-led-smart-bulb/specs/index.html]
[www.mi.com/in/mi-led-smart-bulb/faq/index.html]
[www.mi.com/in/mi-bluetooth-speaker-basic2/index.html]
[www.mi.com/in/mi-led-smart-bulb/review/index.html]
[www.mi.com/in/redmi-note-6-pro/review/index.html]
[www.mi.com/in/mi-soundbar/review/index.html]
[www.mi.com/in/mi-bluetooth-speaker-basic2/specs/index.html]
[www.mi.com/in/mi-soundbar/specs/index.html]
[www.mi.com/in/mi-bluetooth-speaker-basic2/review/index.html]
[www.mi.com/in/service/replacefaq/index.html]
[www.mi.com/in/redmi-note-6-pro/accessories/index.html]
[www.mi.com/in/service/paymentfaq/index.html]
[www.mi.com/in/service/repair/index.html]
[www.mi.com/in/redmi-note-6-pro/specs/index.html]
[www.mi.com/in/redmi-note-6-pro/gallery/index.html]
[www.mi.com/in/service/index.html]
[www.mi.com/in/redmi-note-6-pro/faq/index.html]
[www.mi.com/in/service/shipping/index.html]
[www.mi.com/in/service/miphone/index.html]
[www.mi.com/in/service/repairstatus/index.html]
[www.mi.com/in/service/sparepartsprice/index.html]
[www.mi.com/in/service/warranty/index.html]
[www.mi.com/in/service/smartdevices/index.html]
[www.mi.com/in/bulkbuy/index.html]
[www.mi.com/in/service/accessories/index.html]
[www.mi.com/in/service/recycling_guide/index.html]
[www.mi.com/in/service/preorder_info/index.html]
[www.mi.com/in/service/userguide/index.html]
[www.mi.com/in/bulkbuy/company/index.html]
[www.mi.com/in/miexchange/index.html]
[www.mi.com/in/20000mah-mi-power-bank-2i/index.html]
[www.mi.com/in/10000mah-mi-power-bank-2i/index.html]
[www.mi.com/in/service/miphoneprotection/index.html]
[www.mi.com/in/miband2/index.html]
[www.mi.com/in/miexchange/selectdevice/index.html]
[www.mi.com/in/service/exchangefaq/index.html]
[www.mi.com/in/service/exchangetc/index.html]
[www.mi.com/in/service/miextendedwarranty/index.html]
[www.mi.com/in/service/support/miextendedwarrantytc.html]
[www.mi.com/in/about/miprotecttc/index.html]
[www.mi.com/in/about/miscreenprotecttc/index.html]
[www.mi.com/in/service/express-delivery-feature/index.html]
[www.mi.com/in/service/express-delivery/index.html]
[www.mi.com/in/redmi-y2/index.html]
[www.mi.com/in/redmi-y2/accessories/index.html]
[www.mi.com/in/redmi-y2/faq/index.html]
[www.mi.com/in/redmi-y2/review/index.html]
[www.mi.com/in/redmi-y2/specs/index.html]
[www.mi.com/in/redmi-6/index.html]
[www.mi.com/in/redmi-6a/index.html]
[www.mi.com/in/redmi-6a/faq/index.html]
[www.mi.com/in/redmi-6a/specs/index.html]
[www.mi.com/in/redmi-7a/index.html]
[www.mi.com/in/redmi-7a/specs/index.html]
[www.mi.com/in/redmi-note-7-pro/index.html]
[www.mi.com/in/redmi-6a/review/index.html]
[www.mi.com/in/redmi-7a/review/index.html]
[www.mi.com/in/redmi-note-6-pro/index.html]
[www.mi.com/in/redmi-7a/faq/index.html]
[www.mi.com/in/redmi-go/index.html]
[www.mi.com/in/redmi-note-7-pro/design/index.html]
[www.mi.com/in/redmi-note-7-pro/faq/index.html]
[www.mi.com/in/redmi-note-7-pro/specs/index.html]
[www.mi.com/in/redmi-6-pro/index.html]
[www.mi.com/in/redmi-note-7-pro/review/index.html]
[www.mi.com/in/redmi-go/faq/index.html]
[www.mi.com/in/redmi-go/specs/index.html]
[www.mi.com/in/redmi-go/review/index.html]
[www.mi.com/in/redmi-6-pro/specs/index.html]
[www.mi.com/in/redmi-6-pro/accessories/index.html]
[www.mi.com/in/redmi-6-pro/review/index.html]
[www.mi.com/in/redmi-6-pro/faq/index.html]
[www.mi.com/in/redmi-note-7/faq/index.html]
[www.mi.com/in/redmi-note-7/specs/index.html]
[www.mi.com/in/redmi-note-7/gallery/index.html]
[www.mi.com/in/redmi-note-7/design/index.html]
[www.mi.com/in/redmi-note-7/index.html]
[www.mi.com/in/about/index.html]
[www.mi.com/in/mediakit/index.html]
[www.mi.com/in/about/agreement/index.html]
[www.mi.com/in/certification/index.html]
[www.mi.com/in/redmi-note-7/review/index.html]
[www.mi.com/in/about/terms/index.html]
[www.mi.com/in/smartphone-quality/index.html]
[www.mi.com/in/tv-quality/index.html]
[www.mi.com/in/service-quality/index.html]
[www.mi.com/in/service/support/ewastetakeback.html]
[www.mi.com/in/mi-led-smart-tv-4a-32/index.html]
[www.mi.com/in/mi-led-smart-tv-4a-32/review/index.html]
[www.mi.com/in/service/miprotect/index.html]
[www.mi.com/in/service/support/digitsmiscreen.html]
[www.mi.com/in/mi-led-smart-tv-4a-32/accessories/index.html]
[www.mi.com/in/mi-led-smart-tv-4a-32/faq/index.html]
[www.mi.com/in/mi-led-smart-tv-4a-32/specs/index.html]
[www.mi.com/in/service/productquality/index.html]
[www.mi.com/in/about/privacy/index.html]
[www.mi.com/in/service/mi_stores/application_form/index.html]
[www.mi.com/in/mix2/gallery/index.html]
[www.mi.com/in/mix2/specs/index.html]
[www.mi.com/in/mix2/miui/index.html]
[www.mi.com/in/mix2/faq/index.html]
[www.mi.com/in/mix2/review/index.html]
[www.mi.com/in/service/preorder/index.html]
[www.mi.com/in/mi-a2/android-one/index.html]
[www.mi.com/in/mi-a2/specs/index.html]
[www.mi.com/in/mi-a2/faq/index.html]
[www.mi.com/in/mi-a2/review/index.html]
[www.mi.com/in/redmi-k20-pro/specs/index.html]
[www.mi.com/in/compare/index68ac.html]
[www.mi.com/in/compare/index41de.html]
[www.mi.com/in/redmi-k20-pro/design/index.html]
[www.mi.com/in/redmi-k20-pro/gallery/index.html]
[www.mi.com/in/redmi-k20-pro/faq/index.html]
[www.mi.com/in/redmi-k20-pro/review/index.html]
[www.mi.com/in/redmi-k20/design/index.html]
[www.mi.com/in/redmi-k20/gallery/index.html]
[www.mi.com/in/redmi-k20/specs/index.html]
[www.mi.com/in/redmi-k20/faq/index.html]
[www.mi.com/in/redmi-k20/review/index.html]
[www.mi.com/in/redmi-note-7s/design/index.html]
[www.mi.com/in/redmi-note-7s/gallery/index.html]
[www.mi.com/in/redmi-note-7s/specs/index.html]
[www.mi.com/in/compare/index0ea2.html]
[www.mi.com/in/redmi-note-7s/faq/index.html]
[www.mi.com/in/redmi-note-7s/review/index.html]
[www.mi.com/in/redmi-y3/specs/index.html]
[www.mi.com/in/compare/indexf7af.html]
[www.mi.com/in/redmi-y3/review/index.html]
[www.mi.com/in/redmi-y3/faq/index.html]
[www.mi.com/in/redmi-7/specs/index.html]
[www.mi.com/in/compare/indexc948.html]
[www.mi.com/in/compare/index6902.html]
[www.mi.com/in/redmi-7/review/index.html]
[www.mi.com/in/redmi-7/faq/index.html]
[www.mi.com/in/redmi-note-7-pro/index3c31.html]
[www.mi.com/in/redmi-note-7s/indexa170.html]
[www.mi.com/in/redmi-y3/index27ab.html]
[www.mi.com/in/redmi-note7/index650b.html]
[www.mi.com/in/redmi-7/indexa294.html]
[www.mi.com/in/redmi-go/index0d90.html]
[www.mi.com/in/redmi-note-6-pro/index3da0.html]
[www.mi.com/in/mi-a2/indexe1f1.html]
[www.mi.com/in/mix2/index2fab.html]
[www.mi.com/in/poco-f1/indexf1b5.html]
[www.mi.com/in/redmi-note-5-pro/indexb844.html]
[www.mi.com/in/compare/index0a72.html]
[www.mi.com/in/redmi-6-pro/index2135.html]
[www.mi.com/in/redmi-note-7/index2850.html]
[www.mi.com/in/redmi-6/index98e9.html]
[www.mi.com/in/redmi-note-5-pro/specs/index.html]
[www.mi.com/in/redmi-note-5-pro/miui/index.html]
[www.mi.com/in/redmi-6a/index6e38.html]
[www.mi.com/in/redmi-note-5-pro/faq/index.html]
[www.mi.com/in/redmi-note-5-pro/accessories/index.html]
[www.mi.com/in/redmi-note-5-pro/review/index.html]
[www.mi.com/in/redmi-y2/index7a27.html]
[www.mi.com/in/poco-f1/gallery/index.html]
[www.mi.com/in/poco-f1/specs/index.html]
[www.mi.com/in/poco-f1/accessories/index.html]
[www.mi.com/in/poco-f1/faq/index.html]
[www.mi.com/in/poco-f1/review/index.html]
[www.mi.com/in/compare/indexc006.html]
[www.mi.com/in/mi-led-tv-4x-pro-55/specs/index.html]
[www.mi.com/in/mi-led-tv-4x-pro-55/accessories/index.html]
[www.mi.com/in/mi-led-tv-4x-pro-55/faq/index.html]
[www.mi.com/in/mi-led-tv-4x-pro-55/review/index.html]
[www.mi.com/in/tvspeaker/index.html]
[www.mi.com/in/mi-led-smart-tv-4-55-pro/index.html]
[www.mi.com/in/mi-led-smart-tv-4c-32-pro/index.html]
[www.mi.com/in/mi-led-smart-tv-4-pro-55/index.html]
[www.mi.com/in/mi-led-smart-tv-4a-pro-49/specs/index.html]
[www.mi.com/in/mi-led-smart-tv-4a-pro-49/faq/index.html]
[www.mi.com/in/mi-led-smart-tv-4a-pro-49/review/index.html]
[www.mi.com/in/mi-led-smart-tv-4a-49-pro/specs/index.html]
[www.mi.com/in/mi-led-tv-4a-pro-43/specs/index.html]
[www.mi.com/in/mi-led-tv-4a-pro-43/accessories/index.html]
[www.mi.com/in/mi-led-tv-4a-pro-43/faq/index.html]
[www.mi.com/in/mi-led-tv-4a-pro-43/review/index.html]
[www.mi.com/in/mi-led-tv-4a-pro-32/specs/index.html]
[www.mi.com/in/mi-led-tv-4a-pro-32/accessories/index.html]
[www.mi.com/in/mi-led-tv-4a-pro-32/review/index.html]
[www.mi.com/in/service/tv_installationservice/index.html]
[www.mi.com/in/mi-led-smart-tv-4a-49-pro/index.html]
[www.mi.com/in/mi-led-smart-tv-4a-49-pro/review/index.html]
[www.mi.com/in/mi-led-smart-tv-4a-49-pro/faq/index.html]
[www.mi.com/in/mi-led-smart-tv-4c-pro-32/specs/index.html]
[www.mi.com/in/mi-led-smart-tv-4c-pro-32/faq/index.html]
[www.mi.com/in/mi-led-smart-tv-4c-pro-32/review/index.html]
[www.mi.com/in/mi-led-smart-tv-4c-32-pro/specs/index.html]
[www.mi.com/in/mi-led-smart-tv-4c-32-pro/review/index.html]
[www.mi.com/in/mi-led-smart-tv-4c-32-pro/faq/index.html]
[www.mi.com/in/mi-band-3/gallery/index.html]
[www.mi.com/in/mi-band-3/specs/index.html]
[www.mi.com/in/mi-band-3/review/index.html]
[www.mi.com/in/mi-body-composition-scale/specs/index.html]
[www.mi.com/in/mi-body-composition-scale/review/index.html]
[www.mi.com/in/mi-luggage/specs/index.html]
[www.mi.com/in/mi-luggage/review/index.html]
[www.mi.com/in/mi-beard-trimmer/specs/index.html]
[www.mi.com/in/mi-beard-trimmer/faq/index.html]
[www.mi.com/in/mi-beard-trimmer/review/index.html]
[www.mi.com/in/redmi-note-5-pro/index.html]
[www.mi.com/in/mi-led-smart-tv-4a-43/index.html]
[www.mi.com/in/mi-router-3c/index.html]
[www.mi.com/in/air2s/features/index.html]
[www.mi.com/in/air2s/filter/index.html]
[www.mi.com/in/air2s/specs/index.html]
[www.mi.com/in/air2s/review/index.html]
[www.mi.com/in/max2/index.html]
[www.mi.com/in/mi-a1/index.html]
[www.mi.com/in/redmi-5a/index.html]
[www.mi.com/in/service/online/index.html]
[www.mi.com/in/camera-360/specs/index.html]
[www.mi.com/in/camera-360/review/index.html]
[www.mi.com/in/mi-led-smart-bulb/specs/index.html]
[www.mi.com/in/mi-led-smart-bulb/faq/index.html]
[www.mi.com/in/mi-led-smart-bulb/review/index.html]
[www.mi.com/in/mi-soundbar/specs/index.html]
[www.mi.com/in/mi-soundbar/review/index.html]
[www.mi.com/in/mi-bluetooth-speaker-basic2/specs/index.html]
[www.mi.com/in/mi-bluetooth-speaker-basic2/review/index.html]
[www.mi.com/in/redmi-note-6-pro/gallery/index.html]
[www.mi.com/in/redmi-note-6-pro/specs/index.html]
[www.mi.com/in/redmi-note-6-pro/accessories/index.html]
[www.mi.com/in/redmi-note-6-pro/faq/index.html]
[www.mi.com/in/service/sparepartsprice/index.html]
[www.mi.com/in/service/repairstatus/index.html]
[www.mi.com/in/service/miphone/index.html]
[www.mi.com/in/service/smartdevices/index.html]
[www.mi.com/in/service/accessories/index.html]
[www.mi.com/in/service/recycling_guide/index.html]
[www.mi.com/in/compare/index2ee3.html]
[www.mi.com/in/service/applist/index.html]
[www.mi.com/in/service/preorder_info/index.html]
[www.mi.com/in/bulkbuy/company/index.html]
[www.mi.com/in/miband2/index.html]
[www.mi.com/in/10000mah-mi-power-bank-2i/index.html]
[www.mi.com/in/service/support/ewastetakeback1d93.html]
[www.mi.com/in/20000mah-mi-power-bank-2i/index.html]
[www.mi.com/in/service/recycling/index1d93.html]
[www.mi.com/in/miexchange/selectdevice/index.html]
[www.mi.com/in/10000mah-mi-power-bank-2i-red/index.html]
[www.mi.com/in/10000mah-mi-power-bank-2i/specs/index.html]
[www.mi.com/in/service/exchangefaq/index.html]
[www.mi.com/in/10000mah-mi-power-bank-2i/review/index.html]
[www.mi.com/in/service/exchangetc/index.html]
[www.mi.com/in/miprotect/index.html]
[www.mi.com/in/about/miprotecttc/index.html]
[www.mi.com/in/about/miscreenprotecttc/index.html]
[www.mi.com/in/miextendedwarranty/index.html]
[www.mi.com/in/service/support/miextendedwarrantytc.html]
[www.mi.com/in/service/express-delivery/index.html]
[www.mi.com/in/redmi-y2/specs/index.html]
[www.mi.com/in/20000mah-mi-power-bank-2i/review/index.html]
[www.mi.com/in/20000mah-mi-power-bank-2i/specs/index.html]
[www.mi.com/in/redmi-y2/accessories/index.html]
[www.mi.com/in/redmi-y2/faq/index.html]
[www.mi.com/in/redmi-y2/review/index.html]
[www.mi.com/in/redmi-note7/index.html]
[www.mi.com/in/redmi-6/specs/index.html]
[www.mi.com/in/redmi-6/accessories/index.html]
[www.mi.com/in/redmi-6/faq/index.html]
[www.mi.com/in/redmi-6/review/index.html]
[www.mi.com/in/redmi-6a/specs/index.html]
[www.mi.com/in/redmi-6a/faq/index.html]
[www.mi.com/in/redmi-6a/review/index.html]
[www.mi.com/in/redmi-7a/review/index.html]
[www.mi.com/in/redmi-7a/specs/index.html]
[www.mi.com/in/compare/index0474.html]
[www.mi.com/in/redmi-7a/faq/index.html]
[www.mi.com/in/redmi-note-7-pro/specs/index.html]
[www.mi.com/in/compare/indexd4fe.html]
[www.mi.com/in/compare/index0239.html]
[www.mi.com/in/redmi-note-7-pro/design/index.html]
[www.mi.com/in/redmi-note-7-pro/faq/index.html]
[www.mi.com/in/redmi-note-7-pro/review/index.html]
[www.mi.com/in/redmi-go/specs/index.html]
[www.mi.com/in/redmi-go/faq/index.html]
[www.mi.com/in/redmi-go/review/index.html]
[www.mi.com/in/redmi-6-pro/specs/index.html]
[www.mi.com/in/compare/indexefe6.html]
[www.mi.com/in/redmi-6-pro/accessories/index.html]
[www.mi.com/in/redmi-6-pro/faq/index.html]
[www.mi.com/in/redmi-6-pro/review/index.html]
[www.mi.com/in/redmi-note-7/design/index.html]
[www.mi.com/in/redmi-note-7/gallery/index.html]
[www.mi.com/in/redmi-note-7/specs/index.html]
[www.mi.com/in/compare/index60c9.html]
[www.mi.com/in/compare/indexbcf9.html]
[www.mi.com/in/redmi-note-7/faq/index.html]
[www.mi.com/in/redmi-note-7/review/index.html]
[www.mi.com/in/about/terms/index.html]
[www.mi.com/in/compare/indexd082.html]
[www.mi.com/in/service/payment/index4bfd.html]
[www.mi.com/in/about/privacy/index4bfd.html]
[www.mi.com/in/certification/index.html]
[www.mi.com/in/certification/elabel/index.html]
[www.mi.com/in/certification/rfexposure/index.html]
[www.mi.com/in/mi-led-smart-tv-4a-32/specs/index.html]
[www.mi.com/in/mi-led-smart-tv-4a-32/accessories/index.html]
[www.mi.com/in/mi-led-smart-tv-4a-32/faq/index.html]
[www.mi.com/in/mi-led-smart-tv-4a-32/review/index.html]
[www.mi.com/in/compare/index41de.html]
[www.mi.com/in/compare/index68ac.html]
[www.mi.com/in/specs/index.html]
[www.mi.com/in/compare/index0ea2.html]
[www.mi.com/in/compare/indexc948.html]
[www.mi.com/in/compare/indexf7af.html]
[www.mi.com/in/compare/index6902.html]
[www.mi.com/in/compare/index0a72.html]
[www.mi.com/in/redmi-note-7/index2850.html]
[www.mi.com/in/redmi-note-5-pro/specs/index.html]
[www.mi.com/in/redmi-note-5-pro/miui/index.html]
[www.mi.com/in/redmi-note-5-pro/faq/index.html]
[www.mi.com/in/redmi-note-5-pro/review/index.html]
[www.mi.com/in/redmi-note-5-pro/accessories/index.html]
[www.mi.com/in/compare/indexc006.html]
[www.mi.com/in/mi-led-smart-tv-4-pro-55/index.html]
[www.mi.com/in/compare/index4d8f.html]
[www.mi.com/in/mi-led-smart-tv-4-pro-55/accessories/index.html]
[www.mi.com/in/mi-led-smart-tv-4-pro-55/specs/index.html]
[www.mi.com/in/mi-led-smart-tv-4a-49-pro/faq/index.html]
[www.mi.com/in/mi-led-smart-tv-4-pro-55/faq/index.html]
[www.mi.com/in/mi-led-smart-tv-4-pro-55/review/index.html]
[www.mi.com/in/mi-led-smart-tv-4-55-pro/specs/index.html]
[www.mi.com/in/mi-led-smart-tv-4a-49-pro/review/index.html]
[www.mi.com/in/mi-led-smart-tv-4c-32-pro/faq/index.html]
[www.mi.com/in/mi-led-smart-tv-4c-32-pro/review/index.html]
[www.mi.com/in/compare/index2ee3.html]
[www.mi.com/in/service/applist/index.html]
[www.mi.com/in/service/recycling/index1d93.html]
[www.mi.com/in/service/support/ewastetakeback1d93.html]
[www.mi.com/in/miband2/www.mi.com/in/mi-band-hrx/index.html]
[www.mi.com/in/10000mah-mi-power-bank-2i-red/index.html]
[www.mi.com/in/10000mah-mi-power-bank-2i/specs/index.html]
[www.mi.com/in/10000mah-mi-power-bank-2i/review/index.html]
[www.mi.com/in/20000mah-mi-power-bank-2i/specs/index.html]
[www.mi.com/in/20000mah-mi-power-bank-2i/review/index.html]
[www.mi.com/in/compare/index0474.html]
[www.mi.com/in/compare/indexd4fe.html]
[www.mi.com/in/compare/index0239.html]
[www.mi.com/in/compare/indexefe6.html]
[www.mi.com/in/compare/index60c9.html]
[www.mi.com/in/compare/indexbcf9.html]
[www.mi.com/in/compare/indexd082.html]
[www.mi.com/in/about/privacy/index4bfd.html]
[www.mi.com/in/10000mah-mi-power-bank-2i-red/review/index.html]
[www.mi.com/in/10000mah-mi-power-bank-2i-red/specs/index.html]
[www.mi.com/in/service/payment/index4bfd.html]
[www.mi.com/in/service/index-2.html]
[www.mi.com/in/certification/elabel/index.html]
[www.mi.com/in/certification/rfexposure/index.html]
[www.mi.com/in/compare/index4d8f.html]
[www.mi.com/in/redminote5pro/accessories/index.html]
[www.mi.com/in/mi-led-smart-tv-4-pro-55/specs/index.html]
[www.mi.com/in/mi-led-smart-tv-4-pro-55/accessories/index.html]
[www.mi.com/in/mi-led-smart-tv-4-pro-55/faq/index.html]
[www.mi.com/in/mi-led-smart-tv-4-pro-55/review/index.html]
[www.mi.com/in/mi-led-smart-tv-4-55-pro/specs/index.html]
[www.mi.com/in/10000mah-mi-power-bank-2i-red/specs/index.html]
[www.mi.com/in/10000mah-mi-power-bank-2i-red/review/index.html]
[www.mi.com/in/events/explorers/summarize/index.html]
[www.mi.com/in/mi4i/index.html]
[www.mi.com/in/mi4/index.html]
[www.mi.com/in/noteprime/index.html]
[www.mi.com/in/redmi2/index.html]
[www.mi.com/in/mipad/index.html]
[www.mi.com/in/miband/index.html]
[www.mi.com/in/powerbank/index.html]
[www.mi.com/in/service/doubledata/index.html]
[www.mi.com/in/service/payumoney/index.html]
[www.mi.com/in/service/index-2.html]
[www.mi.com/in/mi-led-smart-tv-4-55-pro/accessories/index.html]
[www.mi.com/in/mi-led-smart-tv-4-55-pro/accessories/index.html]
[www.mi.com/in/mi-led-smart-tv-4-55-pro/faq/index.html]
[www.mi.com/in/mi-led-smart-tv-4-55-pro/faq/index.html]
[www.mi.com/in/mi-led-smart-tv-4-55-pro/review/index.html]
[www.mi.com/in/mi-led-smart-tv-4-55-pro/review/index.html]
